GIT CMD:

C:\Users\User>cd SI_2023_lab1_203086

C:\Users\User\SI_2023_lab1_203086>echo Martin Milosevski 203086 >README.md

C:\Users\User\SI_2023_lab1_203086>git commit -m 'Initial commit'
error: pathspec 'commit'' did not match any file(s) known to git

C:\Users\User\SI_2023_lab1_203086>git status
On branch master

No commits yet

Untracked files:
  (use "git add <file>..." to include in what will be committed)
        README.md

nothing added to commit but untracked files present (use "git add" to track)

C:\Users\User\SI_2023_lab1_203086>git add README.md

C:\Users\User\SI_2023_lab1_203086>git commit -m 'Initial commit'
error: pathspec 'commit'' did not match any file(s) known to git

C:\Users\User\SI_2023_lab1_203086>git status
On branch master

No commits yet

Changes to be committed:
  (use "git rm --cached <file>..." to unstage)
        new file:   README.md


C:\Users\User\SI_2023_lab1_203086>git commit -m 'Initial commit'
error: pathspec 'commit'' did not match any file(s) known to git

C:\Users\User\SI_2023_lab1_203086>git commit -m 'Initial commit'
error: pathspec 'commit'' did not match any file(s) known to git

C:\Users\User\SI_2023_lab1_203086>git commit -m "Initial commit"
Author identity unknown

*** Please tell me who you are.

Run

  git config --global user.email "you@example.com"
  git config --global user.name "Your Name"

to set your account's default identity.
Omit --global to set the identity only in this repository.

fatal: unable to auto-detect email address (got 'User@DESKTOP-N62GGHL.(none)')

C:\Users\User\SI_2023_lab1_203086>git config --global user.email "martin.milosevski@hotmail.com"

C:\Users\User\SI_2023_lab1_203086>git config --global user.name "Martin"

C:\Users\User\SI_2023_lab1_203086>git commit -m "Initial commit"
[master (root-commit) b0845b9] Initial commit
 1 file changed, 1 insertion(+)
 create mode 100644 README.md

C:\Users\User\SI_2023_lab1_203086>git add SILab1.java

C:\Users\User\SI_2023_lab1_203086>git commit -m "Add java class"
[master 7868e5a] Add java class
 1 file changed, 41 insertions(+)
 create mode 100644 SILab1.java

C:\Users\User\SI_2023_lab1_203086>git push
fatal: The current branch master has no upstream branch.
To push the current branch and set the remote as upstream, use

    git push --set-upstream origin master

To have this happen automatically for branches without a tracking
upstream, see 'push.autoSetupRemote' in 'git help config'.


C:\Users\User\SI_2023_lab1_203086>git push --set-upstream origin master
info: please complete authentication in your browser...
Enumerating objects: 6, done.
Counting objects: 100% (6/6), done.
Delta compression using up to 4 threads
Compressing objects: 100% (4/4), done.
Writing objects: 100% (6/6), 839 bytes | 839.00 KiB/s, done.
Total 6 (delta 0), reused 0 (delta 0), pack-reused 0
To https://github.com/MartinMilosevski/SI_2023_lab1_203086.git
 * [new branch]      master -> master
branch 'master' set up to track 'origin/master'.

C:\Users\User\SI_2023_lab1_203086>git branch
* master

C:\Users\User\SI_2023_lab1_203086>git branch bug1

C:\Users\User\SI_2023_lab1_203086>git branch
  bug1
* master

C:\Users\User\SI_2023_lab1_203086>git branch -d bug1
Deleted branch bug1 (was 7868e5a).

C:\Users\User\SI_2023_lab1_203086>git branch
* master

C:\Users\User\SI_2023_lab1_203086>


GIT BASH:

User@DESKTOP-N62GGHL MINGW64 ~/SI_2023_lab1_203086 (master)
$ git status
On branch master
Your branch is up to date with 'origin/master'.

nothing to commit, working tree clean

User@DESKTOP-N62GGHL MINGW64 ~/SI_2023_lab1_203086 (master)
$ git branch bug1

User@DESKTOP-N62GGHL MINGW64 ~/SI_2023_lab1_203086 (master)
$ git branch
  bug1
* master

User@DESKTOP-N62GGHL MINGW64 ~/SI_2023_lab1_203086 (master)
$ git branch bug2

User@DESKTOP-N62GGHL MINGW64 ~/SI_2023_lab1_203086 (master)
$ git branch
  bug1
  bug2
* master

User@DESKTOP-N62GGHL MINGW64 ~/SI_2023_lab1_203086 (master)
$ git branch bug3

User@DESKTOP-N62GGHL MINGW64 ~/SI_2023_lab1_203086 (master)
$ ^C

User@DESKTOP-N62GGHL MINGW64 ~/SI_2023_lab1_203086 (master)
$ git branch
  bug1
  bug2
  bug3
* master

User@DESKTOP-N62GGHL MINGW64 ~/SI_2023_lab1_203086 (master)
$ git checkout bug1
Switched to branch 'bug1'

User@DESKTOP-N62GGHL MINGW64 ~/SI_2023_lab1_203086 (bug1)
$ git add SILab1.java

User@DESKTOP-N62GGHL MINGW64 ~/SI_2023_lab1_203086 (bug1)
$ git commit -m "Fix wrong loop for reading"
[bug1 1346d86] Fix wrong loop for reading
 1 file changed, 1 insertion(+), 1 deletion(-)

User@DESKTOP-N62GGHL MINGW64 ~/SI_2023_lab1_203086 (bug1)
$ git diff master bug1
diff --git a/SILab1.java b/SILab1.java
index d6105f2..dadf808 100644
--- a/SILab1.java
+++ b/SILab1.java
@@ -30,7 +30,7 @@ public class SILab1 {

         List<Integer> list = new ArrayList<>();

-        for (int i = 0; i <= n; i++) {
+        for (int i = 0; i < n; i++) {
             list.add(sc.nextInt());
         }


User@DESKTOP-N62GGHL MINGW64 ~/SI_2023_lab1_203086 (bug1)
$ git checkout bug2
Switched to branch 'bug2'

User@DESKTOP-N62GGHL MINGW64 ~/SI_2023_lab1_203086 (bug2)
$ git add SILab1.java

User@DESKTOP-N62GGHL MINGW64 ~/SI_2023_lab1_203086 (bug2)
$ git commit -m "Fix wrong condition in filterOddNumbers"
[bug2 2673ffc] Fix wrong condition in filterOddNumbers
 1 file changed, 1 insertion(+), 1 deletion(-)

User@DESKTOP-N62GGHL MINGW64 ~/SI_2023_lab1_203086 (bug2)
$ git diff master bug2
diff --git a/SILab1.java b/SILab1.java
index d6105f2..1fed201 100644
--- a/SILab1.java
+++ b/SILab1.java
@@ -6,7 +6,7 @@ public class SILab1 {
     public static List<Integer> filterOddNumbers(List<Integer> list) {
         List<Integer> result = new ArrayList<>();
         for (Integer el : list) {
-            if (el % 2 == 0) {
+            if (el % 2 != 0) {
                 result.add(el);
             }
         }

User@DESKTOP-N62GGHL MINGW64 ~/SI_2023_lab1_203086 (bug2)
$ git checkout bug3
Switched to branch 'bug3'

User@DESKTOP-N62GGHL MINGW64 ~/SI_2023_lab1_203086 (bug3)
$ git add SILab1.java

User@DESKTOP-N62GGHL MINGW64 ~/SI_2023_lab1_203086 (bug3)
$ git commit -m "Fix method sumEvenNumbers"
[bug3 d3ed71b] Fix method sumEvenNumbers
 1 file changed, 1 insertion(+), 1 deletion(-)

User@DESKTOP-N62GGHL MINGW64 ~/SI_2023_lab1_203086 (bug3)
$ git checkout bug1
Switched to branch 'bug1'

User@DESKTOP-N62GGHL MINGW64 ~/SI_2023_lab1_203086 (bug1)
$ git push
fatal: The current branch bug1 has no upstream branch.
To push the current branch and set the remote as upstream, use

    git push --set-upstream origin bug1

To have this happen automatically for branches without a tracking
upstream, see 'push.autoSetupRemote' in 'git help config'.


User@DESKTOP-N62GGHL MINGW64 ~/SI_2023_lab1_203086 (bug1)
$ git push --set-upstream origin bug1
Enumerating objects: 5, done.
Counting objects: 100% (5/5), done.
Delta compression using up to 4 threads
Compressing objects: 100% (3/3), done.
Writing objects: 100% (3/3), 328 bytes | 328.00 KiB/s, done.
Total 3 (delta 1), reused 0 (delta 0), pack-reused 0
remote: Resolving deltas: 100% (1/1), completed with 1 local object.
remote:
remote: Create a pull request for 'bug1' on GitHub by visiting:
remote:      https://github.com/MartinMilosevski/SI_2023_lab1_203086/pull/new/bug1
remote:
To https://github.com/MartinMilosevski/SI_2023_lab1_203086.git
 * [new branch]      bug1 -> bug1
branch 'bug1' set up to track 'origin/bug1'.

User@DESKTOP-N62GGHL MINGW64 ~/SI_2023_lab1_203086 (bug1)
$ git checkout bug2
Switched to branch 'bug2'

User@DESKTOP-N62GGHL MINGW64 ~/SI_2023_lab1_203086 (bug2)
$ git push
fatal: The current branch bug2 has no upstream branch.
To push the current branch and set the remote as upstream, use

    git push --set-upstream origin bug2

To have this happen automatically for branches without a tracking
upstream, see 'push.autoSetupRemote' in 'git help config'.


User@DESKTOP-N62GGHL MINGW64 ~/SI_2023_lab1_203086 (bug2)
$ git push --set-upstream origin bug2
Enumerating objects: 5, done.
Counting objects: 100% (5/5), done.
Delta compression using up to 4 threads
Compressing objects: 100% (3/3), done.
Writing objects: 100% (3/3), 346 bytes | 346.00 KiB/s, done.
Total 3 (delta 1), reused 0 (delta 0), pack-reused 0
remote: Resolving deltas: 100% (1/1), completed with 1 local object.
remote:
remote: Create a pull request for 'bug2' on GitHub by visiting:
remote:      https://github.com/MartinMilosevski/SI_2023_lab1_203086/pull/new/bug2
remote:
To https://github.com/MartinMilosevski/SI_2023_lab1_203086.git
 * [new branch]      bug2 -> bug2
branch 'bug2' set up to track 'origin/bug2'.

User@DESKTOP-N62GGHL MINGW64 ~/SI_2023_lab1_203086 (bug2)
$ git checkout bug3
Switched to branch 'bug3'

User@DESKTOP-N62GGHL MINGW64 ~/SI_2023_lab1_203086 (bug3)
$ git push
fatal: The current branch bug3 has no upstream branch.
To push the current branch and set the remote as upstream, use

    git push --set-upstream origin bug3

To have this happen automatically for branches without a tracking
upstream, see 'push.autoSetupRemote' in 'git help config'.


User@DESKTOP-N62GGHL MINGW64 ~/SI_2023_lab1_203086 (bug3)
$ git push --set-upstream origin bug3
Enumerating objects: 5, done.
Counting objects: 100% (5/5), done.
Delta compression using up to 4 threads
Compressing objects: 100% (3/3), done.
Writing objects: 100% (3/3), 333 bytes | 333.00 KiB/s, done.
Total 3 (delta 1), reused 0 (delta 0), pack-reused 0
remote: Resolving deltas: 100% (1/1), completed with 1 local object.
remote:
remote: Create a pull request for 'bug3' on GitHub by visiting:
remote:      https://github.com/MartinMilosevski/SI_2023_lab1_203086/pull/new/bug3
remote:
To https://github.com/MartinMilosevski/SI_2023_lab1_203086.git
 * [new branch]      bug3 -> bug3
branch 'bug3' set up to track 'origin/bug3'.

User@DESKTOP-N62GGHL MINGW64 ~/SI_2023_lab1_203086 (bug3)
$ git branch
  bug1
  bug2
* bug3
  master

User@DESKTOP-N62GGHL MINGW64 ~/SI_2023_lab1_203086 (bug3)
$ git checkout master
Switched to branch 'master'
Your branch is up to date with 'origin/master'.

User@DESKTOP-N62GGHL MINGW64 ~/SI_2023_lab1_203086 (master)
$ git merge bug1
Updating 7868e5a..1346d86
Fast-forward
 SILab1.java | 2 +-
 1 file changed, 1 insertion(+), 1 deletion(-)

User@DESKTOP-N62GGHL MINGW64 ~/SI_2023_lab1_203086 (master)
$ git diff master bug1

User@DESKTOP-N62GGHL MINGW64 ~/SI_2023_lab1_203086 (master)
$ git push --all origin
Total 0 (delta 0), reused 0 (delta 0), pack-reused 0
To https://github.com/MartinMilosevski/SI_2023_lab1_203086.git
   7868e5a..1346d86  master -> master

User@DESKTOP-N62GGHL MINGW64 ~/SI_2023_lab1_203086 (master)
$ git merge bug2
Auto-merging SILab1.java
Merge made by the 'ort' strategy.
 SILab1.java | 2 +-
 1 file changed, 1 insertion(+), 1 deletion(-)

User@DESKTOP-N62GGHL MINGW64 ~/SI_2023_lab1_203086 (master)
$ git diff master bug2
diff --git a/SILab1.java b/SILab1.java
index 57dc939..1fed201 100644
--- a/SILab1.java
+++ b/SILab1.java
@@ -30,7 +30,7 @@ public class SILab1 {

         List<Integer> list = new ArrayList<>();

-        for (int i = 0; i < n; i++) {
+        for (int i = 0; i <= n; i++) {
             list.add(sc.nextInt());
         }


User@DESKTOP-N62GGHL MINGW64 ~/SI_2023_lab1_203086 (master)
$ git push --all origin
Enumerating objects: 7, done.
Counting objects: 100% (7/7), done.
Delta compression using up to 4 threads
Compressing objects: 100% (3/3), done.
Writing objects: 100% (3/3), 358 bytes | 358.00 KiB/s, done.
Total 3 (delta 1), reused 0 (delta 0), pack-reused 0
remote: Resolving deltas: 100% (1/1), completed with 1 local object.
To https://github.com/MartinMilosevski/SI_2023_lab1_203086.git
   1346d86..117e5f6  master -> master

User@DESKTOP-N62GGHL MINGW64 ~/SI_2023_lab1_203086 (master)
$ git checkout bug3
Switched to branch 'bug3'
Your branch is up to date with 'origin/bug3'.

User@DESKTOP-N62GGHL MINGW64 ~/SI_2023_lab1_203086 (bug3)
$ git rebase master
Successfully rebased and updated refs/heads/bug3.

User@DESKTOP-N62GGHL MINGW64 ~/SI_2023_lab1_203086 (bug3)
$ git checkout master
Switched to branch 'master'
Your branch is up to date with 'origin/master'.

User@DESKTOP-N62GGHL MINGW64 ~/SI_2023_lab1_203086 (master)
$ git merge bug3
Updating 117e5f6..78ed642
Fast-forward
 SILab1.java | 2 +-
 1 file changed, 1 insertion(+), 1 deletion(-)

User@DESKTOP-N62GGHL MINGW64 ~/SI_2023_lab1_203086 (master)
$ git push --all origin
Enumerating objects: 5, done.
Counting objects: 100% (5/5), done.
Delta compression using up to 4 threads
Compressing objects: 100% (3/3), done.
Writing objects: 100% (3/3), 334 bytes | 334.00 KiB/s, done.
Total 3 (delta 1), reused 0 (delta 0), pack-reused 0
remote: Resolving deltas: 100% (1/1), completed with 1 local object.
To https://github.com/MartinMilosevski/SI_2023_lab1_203086.git
   117e5f6..78ed642  master -> master
 ! [rejected]        bug3 -> bug3 (non-fast-forward)
error: failed to push some refs to 'https://github.com/MartinMilosevski/SI_2023_lab1_203086.git'
hint: Updates were rejected because a pushed branch tip is behind its remote
hint: counterpart. Check out this branch and integrate the remote changes
hint: (e.g. 'git pull ...') before pushing again.
hint: See the 'Note about fast-forwards' in 'git push --help' for details.

User@DESKTOP-N62GGHL MINGW64 ~/SI_2023_lab1_203086 (master)
$ git push origin bug3 --force
Total 0 (delta 0), reused 0 (delta 0), pack-reused 0
To https://github.com/MartinMilosevski/SI_2023_lab1_203086.git
 + d3ed71b...78ed642 bug3 -> bug3 (forced update)

User@DESKTOP-N62GGHL MINGW64 ~/SI_2023_lab1_203086 (master)
$
